Microchip MPLAB XC8 Compiler V2.40

Linker command line:

-W-3 \
  --edf=C:\Program Files\Microchip\xc8\v2.40\pic\dat\20220703182018_en.msgs \
  -cn -h+dist/default/production\LABORATORIO3.X.production.sym \
  --cmf=dist/default/production\LABORATORIO3.X.production.cmf -z -Q16F887 \
  -oC:\Users\eacat\AppData\Local\Temp\xcAsh94.4 --defsym=__MPLAB_BUILD=1 \
  --fixupoverflow=error \
  -Mdist/default/production/LABORATORIO3.X.production.map \
  --md=C:\Users\eacat\AppData\Local\Temp\xcAsh94.dat -E1 -ver=XC8 Compiler \
  --acfsm=1493 -ACODE=00h-07FFhx4 -ASTRCODE=00h-01FFFh -ASTRING=00h-0FFhx32 \
  -ACONST=00h-0FFhx32 -AENTRY=00h-0FFhx32 -ACOMMON=070h-07Fh \
  -ABANK0=020h-06Fh -ABANK1=0A0h-0EFh -ABANK2=0110h-016Fh \
  -ABANK3=0190h-01EFh -ARAM=020h-06Fh,0A0h-0EFh,0110h-016Fh,0190h-01EFh \
  -AABS1=020h-07Fh,0A0h-0EFh,0110h-016Fh,0190h-01EFh -ASFR0=00h-01Fh \
  -ASFR1=080h-09Fh -ASFR2=0100h-010Fh -ASFR3=0180h-018Fh \
  -ACONFIG=02007h-02008h -DCONFIG=2 -AIDLOC=02000h-02003h -DIDLOC=2 \
  -AEEDATA=00h-0FFh/02100h -peeprom_data=EEDATA -DEEDATA=2 -DCODE=2 \
  -DSTRCODE=2 -DSTRING=2 -DCONST=2 -DENTRY=2 \
  -preset_vec=00h,intentry=04h,init,end_init -ppowerup=CODE -pcinit=CODE \
  -pfunctab=ENTRY -k C:\Users\eacat\AppData\Local\Temp\xcAsh94.o \
  dist/default/production\LABORATORIO3.X.production.o 

Object code version is 3.11

Machine type is 16F887



                Name                               Link     Load   Length Selector   Space Scale
C:\Users\eacat\AppData\Local\Temp\xcAsh94.o
                end_init                              C        C        3        8       0
                reset_vec                             0        0        3        0       0
                config                             2007     2007        2        0       4
                idloc                              2000     2000        4        0       5
dist/default/production\LABORATORIO3.X.production.o
                cinit                                 F        F       1A        8       0
                intentry                              4        4        8        8       0
                config                             2007     2007        2        0       4
                idloc                              2000     2000        4        0       5
                text30                             1757     1757        B     2EAE       0
                text29                             1734     1734        6     2E68       0
                text28                              A95      A95       50     152A       0
                text27                              7DE      7DE       20        8       0
                text26                             1779     1779       1C     2EF2       0
                text25                              9FD      9FD       4C     13FA       0
                text24                              86F      86F       39     10DE       0
                text23                              926      926       46     124C       0
                text22                             1762     1762       17     2EC4       0
                text21                             17B3     17B3       24     2F66       0
                text20                              36E      36E      2EA        8       0
                text19                              E2D      E2D      1D3     1C5A       0
                text18                             17D7     17D7       29     2FAE       0
                text17                               29       29      345        8       0
                text16                              B43      B43       8E     1686       0
                text15                              BD1      BD1       BA     17A2       0
                text14                              C8B      C8B       C6     1916       0
                text13                              AE5      AE5       5E     15CA       0
                text12                              9B2      9B2       4B     1364       0
                text11                             1795     1795       1E     2F2A       0
                text10                              83F      83F       30     107E       0
                text9                               A49      A49       4C     1492       0
                text8                               8E4      8E4       42     11C8       0
                text7                              1740     1740        7     2E80       0
                text6                              174E     174E        9     2E9C       0
                text5                              1747     1747        7     2E8E       0
                text4                              173A     173A        6     2E74       0
                text3                               96C      96C       46     12D8       0
                text2                               8A8      8A8       3C     1150       0
                text1                               D51      D51       DC     1AA2       0
                maintext                            658      658      186        8       0
                cstackBANK0                          20       20       50       20       1
                cstackCOMMON                         76       76        6       70       1
                cstackBANK1                          A0       A0       1F       A0       1
                bssBANK1                             BF       BF        E       A0       1
                bssCOMMON                            70       70        6       70       1
                strings                             800      800       3B     1000       0

TOTAL           Name                               Link     Load   Length     Space
        CLASS   CODE           
                end_init                              C        C        3         0
                cinit                                 F        F       1A         0
                intentry                              4        4        8         0
                reset_vec                             0        0        3         0
                text30                             1757     1757        B         0
                text29                             1734     1734        6         0
                text28                              A95      A95       50         0
                text27                              7DE      7DE       20         0
                text26                             1779     1779       1C         0
                text25                              9FD      9FD       4C         0
                text24                              86F      86F       39         0
                text23                              926      926       46         0
                text22                             1762     1762       17         0
                text21                             17B3     17B3       24         0
                text20                              36E      36E      2EA         0
                text19                              E2D      E2D      1D3         0
                text18                             17D7     17D7       29         0
                text17                               29       29      345         0
                text16                              B43      B43       8E         0
                text15                              BD1      BD1       BA         0
                text14                              C8B      C8B       C6         0
                text13                              AE5      AE5       5E         0
                text12                              9B2      9B2       4B         0
                text11                             1795     1795       1E         0
                text10                              83F      83F       30         0
                text9                               A49      A49       4C         0
                text8                               8E4      8E4       42         0
                text7                              1740     1740        7         0
                text6                              174E     174E        9         0
                text5                              1747     1747        7         0
                text4                              173A     173A        6         0
                text3                               96C      96C       46         0
                text2                               8A8      8A8       3C         0
                text1                               D51      D51       DC         0
                maintext                            658      658      186         0

        CLASS   STRCODE        

        CLASS   STRING         
                strings                             800      800       3B         0

        CLASS   CONST          

        CLASS   ENTRY          

        CLASS   COMMON         
                cstackCOMMON                         76       76        6         1
                bssCOMMON                            70       70        6         1

        CLASS   BANK0          
                cstackBANK0                          20       20       50         1

        CLASS   BANK1          
                cstackBANK1                          A0       A0       1F         1
                bssBANK1                             BF       BF        E         1

        CLASS   BANK2          

        CLASS   BANK3          

        CLASS   RAM            

        CLASS   ABS1           
                abs_s1                               7E       7E        2         1

        CLASS   SFR0           

        CLASS   SFR1           

        CLASS   SFR2           

        CLASS   SFR3           

        CLASS   CONFIG         
                config                             2007     2007        2         4

        CLASS   IDLOC          
                idloc                              2000     2000        4         5

        CLASS   EEDATA         

        CLASS   STACK          



SEGMENTS        Name                           Load    Length   Top    Selector   Space  Class     Delta

                reset_vec                      000000  000003  000003         0       0  CODE        2
                intentry                       000004  0007FA  0007FE         8       0  CODE        2
                cstackBANK0                    000020  000050  000070        20       1  BANK0       1
                bssCOMMON                      000070  00000C  00007C        70       1  COMMON      1
                cstackBANK1                    0000A0  00002D  0000CD        A0       1  BANK1       1
                strings                        000800  00003B  00083B      1000       0  STRING      2
                text10                         00083F  000030  00086F      107E       0  CODE        2
                text24                         00086F  000039  0008A8      10DE       0  CODE        2
                text2                          0008A8  00003C  0008E4      1150       0  CODE        2
                text8                          0008E4  000042  000926      11C8       0  CODE        2
                text23                         000926  000046  00096C      124C       0  CODE        2
                text3                          00096C  000046  0009B2      12D8       0  CODE        2
                text12                         0009B2  00004B  0009FD      1364       0  CODE        2
                text25                         0009FD  00004C  000A49      13FA       0  CODE        2
                text9                          000A49  00004C  000A95      1492       0  CODE        2
                text28                         000A95  000050  000AE5      152A       0  CODE        2
                text13                         000AE5  00005E  000B43      15CA       0  CODE        2
                text16                         000B43  00008E  000BD1      1686       0  CODE        2
                text15                         000BD1  0000BA  000C8B      17A2       0  CODE        2
                text14                         000C8B  0000C6  000D51      1916       0  CODE        2
                text1                          000D51  0000DC  000E2D      1AA2       0  CODE        2
                text19                         000E2D  0001D3  001000      1C5A       0  CODE        2
                text29                         001734  000006  00173A      2E68       0  CODE        2
                text4                          00173A  000006  001740      2E74       0  CODE        2
                text7                          001740  000007  001747      2E80       0  CODE        2
                text5                          001747  000007  00174E      2E8E       0  CODE        2
                text6                          00174E  000009  001757      2E9C       0  CODE        2
                text30                         001757  00000B  001762      2EAE       0  CODE        2
                text22                         001762  000017  001779      2EC4       0  CODE        2
                text26                         001779  00001C  001795      2EF2       0  CODE        2
                text11                         001795  00001E  0017B3      2F2A       0  CODE        2
                text21                         0017B3  000024  0017D7      2F66       0  CODE        2
                text18                         0017D7  000029  001800      2FAE       0  CODE        2


UNUSED ADDRESS RANGES

        Name                Unused          Largest block    Delta
        BANK1            00CD-00EF             23           1
        BANK2            0110-016F             60           1
        BANK3            0190-01EF             60           1
        CODE             0003-0003              1           2
                         07FE-07FF              2
                         083B-083E              4
                         1000-1733            734
                         1800-1FFF            800
        COMMON           007C-007D              2           1
        CONST            0003-0003              1           2
                         07FE-07FF              2
                         083B-083E              4
                         1000-1733            100
                         1800-1FFF            100
        EEDATA           2100-21FF            100           2
        ENTRY            0003-0003              1           2
                         07FE-07FF              2
                         083B-083E              4
                         1000-1733            100
                         1800-1FFF            100
        RAM              00CD-00EF             23           1
                         0110-016F             60
                         0190-01EF             60
        SFR0             0000-001F             20           1
        SFR1             0080-009F             20           1
        SFR2             0100-010F             10           1
        SFR3             0180-018F             10           1
        STRCODE          0003-0003              1           2
                         07FE-07FF              2
                         083B-083E              4
                         1000-1733            734
                         1800-1FFF            800
        STRING           0003-0003              1           2
                         07FE-07FF              2
                         083B-083E              4
                         1000-1733            100
                         1800-1FFF            100

                                  Symbol Table

?__Umul8_16                      cstackBANK0  0020
?___fladd                        cstackBANK0  0062
?___fldiv                        cstackBANK0  002E
?___flmul                        cstackBANK0  0048
?___fltol                        cstackBANK1  00A8
?___lwdiv                        cstackBANK0  0020
?___lwmod                        cstackBANK0  0028
?___xxtofl                       cstackBANK0  0020
?_adc_read                       cstackCOMMON 0076
?_map                            cstackBANK1  00B0
?_sprintf                        cstackBANK0  002E
Lcd_Cmd@a                        cstackBANK0  0023
Lcd_Port@a                       cstackBANK0  0020
Lcd_Set_Cursor@a                 cstackBANK0  0026
Lcd_Set_Cursor@b                 cstackBANK0  0024
Lcd_Set_Cursor@temp              cstackBANK0  0029
Lcd_Set_Cursor@y                 cstackBANK0  0028
Lcd_Set_Cursor@z                 cstackBANK0  0027
Lcd_Write_Char@a                 cstackBANK0  0024
Lcd_Write_Char@temp              cstackBANK0  0022
Lcd_Write_Char@y                 cstackBANK0  0023
Lcd_Write_String@a               cstackBANK0  0025
Lcd_Write_String@i               cstackBANK0  002A
_ADCON0bits                      (abs)        001F
_ADCON1bits                      (abs)        009F
_ADRESH                          (abs)        001E
_ANSEL                           (abs)        0188
_ANSELH                          (abs)        0189
_INTCONbits                      (abs)        000B
_Lcd_Cmd                         text26       1779
_Lcd_Init                        text13       0AE5
_Lcd_Port                        text27       07DE
_Lcd_Set_Cursor                  text25       09FD
_Lcd_Write_Char                  text24       086F
_Lcd_Write_String                text23       0926
_OPTION_REGbits                  (abs)        0081
_OSCCONbits                      (abs)        008F
_PIE1bits                        (abs)        008C
_PIR1bits                        (abs)        000C
_PORTA                           (abs)        0005
_PORTB                           (abs)        0006
_PORTCbits                       (abs)        0007
_PORTD                           (abs)        0008
_PORTDbits                       (abs)        0008
_POT1                            bssCOMMON    0072
_POT1_ENVIO                      bssBANK1     00C8
_POT2                            bssCOMMON    0071
_POT2_ENVIO                      bssBANK1     00C7
_RD3                             (abs)        0043
_RD4                             (abs)        0044
_RD5                             (abs)        0045
_RD6                             (abs)        0046
_RD7                             (abs)        0047
_SSPBUF                          (abs)        0013
_SSPCON                          (abs)        0014
_SSPSTAT                         (abs)        0094
_SSPSTATbits                     (abs)        0094
_TMR0                            (abs)        0001
_TRISA                           (abs)        0085
_TRISB                           (abs)        0086
_TRISC                           (abs)        0087
_TRISC3                          (abs)        043B
_TRISC5                          (abs)        043D
_TRISD                           (abs)        0088
_VOLTAJE_1                       bssBANK1     00C1
_VOLTAJE_2                       bssBANK1     00BF
__Habs1                          abs1         0000
__Hbank0                         bank0        0000
__Hbank1                         bank1        0000
__Hbank2                         bank2        0000
__Hbank3                         bank3        0000
__HbssBANK1                      bssBANK1     0000
__HbssCOMMON                     bssCOMMON    0000
__Hcinit                         cinit        0029
__Hclrtext                       clrtext      0000
__Hcode                          code         0000
__Hcommon                        common       0000
__Hconfig                        config       2009
__HcstackBANK0                   cstackBANK0  0000
__HcstackBANK1                   cstackBANK1  0000
__HcstackCOMMON                  cstackCOMMON 0000
__Heeprom_data                   eeprom_data  0000
__Hend_init                      end_init     000F
__Hfunctab                       functab      0000
__Hidloc                         idloc        2004
__Hinit                          init         000C
__Hintentry                      intentry     000C
__Hmaintext                      maintext     0000
__Hpowerup                       powerup      0000
__Hram                           ram          0000
__Hreset_vec                     reset_vec    0003
__Hsfr0                          sfr0         0000
__Hsfr1                          sfr1         0000
__Hsfr2                          sfr2         0000
__Hsfr3                          sfr3         0000
__Hspace_0                       (abs)        1800
__Hspace_1                       (abs)        00CD
__Hspace_2                       (abs)        0000
__Hspace_3                       (abs)        0000
__Hspace_4                       (abs)        4010
__Hstack                         stack        0000
__Hstrings                       strings      0000
__Htext                          text         0000
__Labs1                          abs1         0000
__Lbank0                         bank0        0000
__Lbank1                         bank1        0000
__Lbank2                         bank2        0000
__Lbank3                         bank3        0000
__LbssBANK1                      bssBANK1     0000
__LbssCOMMON                     bssCOMMON    0000
__Lcinit                         cinit        000F
__Lclrtext                       clrtext      0000
__Lcode                          code         0000
__Lcommon                        common       0000
__Lconfig                        config       0000
__LcstackBANK0                   cstackBANK0  0000
__LcstackBANK1                   cstackBANK1  0000
__LcstackCOMMON                  cstackCOMMON 0000
__Leeprom_data                   eeprom_data  0000
__Lend_init                      end_init     000C
__Lfunctab                       functab      0000
__Lidloc                         idloc        0000
__Linit                          init         000C
__Lintentry                      intentry     0004
__Lmaintext                      maintext     0000
__Lpowerup                       powerup      0000
__Lram                           ram          0000
__Lreset_vec                     reset_vec    0000
__Lsfr0                          sfr0         0000
__Lsfr1                          sfr1         0000
__Lsfr2                          sfr2         0000
__Lsfr3                          sfr3         0000
__Lspace_0                       (abs)        0000
__Lspace_1                       (abs)        0000
__Lspace_2                       (abs)        0000
__Lspace_3                       (abs)        0000
__Lspace_4                       (abs)        0000
__Lstack                         stack        0000
__Lstrings                       strings      0000
__Ltext                          text         0000
__S0                             (abs)        1800
__S1                             (abs)        00CD
__S3                             (abs)        0000
__Umul8_16                       text18       17D7
__Umul8_16@multiplicand          cstackBANK0  0020
__Umul8_16@multiplier            cstackBANK0  0028
__Umul8_16@product               cstackBANK0  0024
__Umul8_16@word_mpld             cstackBANK0  0026
___bmul                          text22       1762
___bmul@multiplicand             cstackBANK0  0020
___bmul@multiplier               cstackBANK0  0023
___bmul@product                  cstackBANK0  0022
___fladd                         text20       036E
___fladd@a                       cstackBANK0  0066
___fladd@aexp                    cstackBANK0  006B
___fladd@b                       cstackBANK0  0062
___fladd@bexp                    cstackBANK0  006C
___fladd@grs                     cstackBANK0  006D
___fladd@signs                   cstackBANK0  006A
___fldiv                         text19       0E2D
___fldiv@a                       cstackBANK0  002E
___fldiv@aexp                    cstackBANK0  0047
___fldiv@b                       cstackBANK0  0032
___fldiv@bexp                    cstackBANK0  0046
___fldiv@grs                     cstackBANK0  0042
___fldiv@new_exp                 cstackBANK0  0040
___fldiv@rem                     cstackBANK0  003B
___fldiv@sign                    cstackBANK0  003F
___flmul                         text17       0029
___flmul@a                       cstackBANK0  004C
___flmul@aexp                    cstackBANK0  0056
___flmul@b                       cstackBANK0  0048
___flmul@bexp                    cstackBANK0  005B
___flmul@grs                     cstackBANK0  0057
___flmul@prod                    cstackBANK0  005C
___flmul@sign                    cstackBANK0  0055
___flmul@temp                    cstackBANK0  0060
___fltol                         text16       0B43
___fltol@exp1                    cstackBANK0  006F
___fltol@f1                      cstackBANK1  00A8
___fltol@sign1                   cstackBANK0  006E
___int_sp                        stack        0000
___latbits                       (abs)        0002
___lwdiv                         text3        096C
___lwdiv@counter                 cstackBANK0  0025
___lwdiv@dividend                cstackBANK0  0022
___lwdiv@divisor                 cstackBANK0  0020
___lwdiv@quotient                cstackBANK0  0026
___lwmod                         text2        08A8
___lwmod@counter                 cstackBANK0  002D
___lwmod@dividend                cstackBANK0  002A
___lwmod@divisor                 cstackBANK0  0028
___sp                            stack        0000
___stackhi                       (abs)        0000
___stacklo                       (abs)        0000
___xxtofl                        text15       0BD1
___xxtofl@arg                    cstackBANK0  002A
___xxtofl@exp                    cstackBANK0  0029
___xxtofl@sign                   cstackBANK0  0028
___xxtofl@val                    cstackBANK0  0020
__end_of_Lcd_Cmd                 text26       1795
__end_of_Lcd_Init                text13       0B43
__end_of_Lcd_Port                text27       07FE
__end_of_Lcd_Set_Cursor          text25       0A49
__end_of_Lcd_Write_Char          text24       08A8
__end_of_Lcd_Write_String        text23       096C
__end_of__Umul8_16               text18       1800
__end_of___bmul                  text22       1779
__end_of___fladd                 text20       0658
__end_of___fldiv                 text19       1000
__end_of___flmul                 text17       036E
__end_of___fltol                 text16       0BD1
__end_of___lwdiv                 text3        09B2
__end_of___lwmod                 text2        08E4
__end_of___xxtofl                text15       0C8B
__end_of__initialization         cinit        0025
__end_of__stringtab              strings      0810
__end_of_adc_init                text9        0A95
__end_of_adc_read                text30       1762
__end_of_adc_start               text21       17D7
__end_of_dpowers                 strings      081A
__end_of_init_osc_MHz            text12       09FD
__end_of_isr                     text28       0AE5
__end_of_main                    maintext     07DE
__end_of_map                     text14       0D51
__end_of_setup                   text10       086F
__end_of_setup2                  text8        0926
__end_of_spiInit                 text11       17B3
__end_of_spiRead                 text6        1757
__end_of_spiReceiveWait          text5        174E
__end_of_spiReceiveWait@SPI$F467 text7        1747
__end_of_spiWrite                text4        1740
__end_of_sprintf                 text1        0E2D
__end_ofi1_spiWrite              text29       173A
__initialization                 cinit        000F
__pbssBANK1                      bssBANK1     00BF
__pbssCOMMON                     bssCOMMON    0070
__pcstackBANK0                   cstackBANK0  0020
__pcstackBANK1                   cstackBANK1  00A0
__pcstackCOMMON                  cstackCOMMON 0076
__pintentry                      intentry     0004
__pmaintext                      maintext     0658
__pstrings                       strings      0800
__ptext1                         text1        0D51
__ptext10                        text10       083F
__ptext11                        text11       1795
__ptext12                        text12       09B2
__ptext13                        text13       0AE5
__ptext14                        text14       0C8B
__ptext15                        text15       0BD1
__ptext16                        text16       0B43
__ptext17                        text17       0029
__ptext18                        text18       17D7
__ptext19                        text19       0E2D
__ptext2                         text2        08A8
__ptext20                        text20       036E
__ptext21                        text21       17B3
__ptext22                        text22       1762
__ptext23                        text23       0926
__ptext24                        text24       086F
__ptext25                        text25       09FD
__ptext26                        text26       1779
__ptext27                        text27       07DE
__ptext28                        text28       0A95
__ptext29                        text29       1734
__ptext3                         text3        096C
__ptext30                        text30       1757
__ptext4                         text4        173A
__ptext5                         text5        1747
__ptext6                         text6        174E
__ptext7                         text7        1740
__ptext8                         text8        08E4
__ptext9                         text9        0A49
__stringbase                     strings      080F
__stringtab                      strings      0800
_adc_init                        text9        0A49
_adc_read                        text30       1757
_adc_start                       text21       17B3
_bandera                         bssCOMMON    0074
_canal_ADC                       bssCOMMON    0073
_dec_POT_1                       bssBANK1     00C5
_dec_POT_2                       bssBANK1     00C3
_dpowers                         strings      0810
_init_POT_1                      bssBANK1     00C6
_init_POT_2                      bssBANK1     00C4
_init_osc_MHz                    text12       09B2
_isr                             text28       0A95
_main                            maintext     0658
_map                             text14       0C8B
_s                               bssBANK1     00CC
_setup                           text10       083F
_setup2                          text8        08E4
_spiInit                         text11       1795
_spiRead                         text6        174E
_spiReceiveWait                  text5        1747
_spiReceiveWait@SPI$F467         text7        1740
_spiWrite                        text4        173A
_sprintf                         text1        0D51
_valor_recibido                  bssCOMMON    0075
_variable                        bssCOMMON    0070
adc_init@adc_cs                  cstackBANK0  0024
adc_init@vref_minus              cstackBANK0  0021
adc_init@vref_plus               cstackBANK0  0020
adc_start@channel                cstackBANK0  0021
btemp                            (abs)        007E
end_of_initialization            cinit        0025
i1_spiWrite                      text29       1734
i1spiWrite@dat                   cstackCOMMON 0076
init_osc_MHz@freq                cstackBANK0  0022
interrupt_function               intentry     0004
intlevel0                        functab      0000
intlevel1                        functab      0000
intlevel2                        functab      0000
intlevel3                        functab      0000
intlevel4                        functab      0000
intlevel5                        functab      0000
map@x                            cstackBANK1  00B6
map@x0                           cstackBANK1  00B0
map@x1                           cstackBANK1  00B1
map@y0                           cstackBANK1  00B2
map@y1                           cstackBANK1  00B4
reset_vec                        reset_vec    0000
saved_w                          (abs)        007E
spiInit@sClockIdle               cstackBANK0  0021
spiInit@sDataSample              cstackBANK0  0020
spiInit@sTransmitEdge            cstackBANK0  0022
spiInit@sType                    cstackBANK0  0023
spiWrite@dat                     cstackBANK0  0020
sprintf@ap                       cstackBANK0  003A
sprintf@c                        cstackBANK0  0040
sprintf@f                        cstackBANK0  002E
sprintf@flag                     cstackBANK0  003B
sprintf@prec                     cstackBANK0  003C
sprintf@sp                       cstackBANK0  003F
sprintf@val                      cstackBANK0  003D
start                            init         000C
start_initialization             cinit        000F
wtemp0                           (abs)        007E


MODULE INFORMATION

Module		Function		Class		Link	Load	Size
C:\Program Files\Microchip\xc8\v2.40\pic\sources\c90\common\fltol.c
		___fltol       		CODE           	0B43	0000	142

C:\Program Files\Microchip\xc8\v2.40\pic\sources\c90\common\fltol.c estimated size: 142

C:\Program Files\Microchip\xc8\v2.40\pic\sources\c90\common\Umul8.c
		___bmul        		CODE           	1762	0000	23

C:\Program Files\Microchip\xc8\v2.40\pic\sources\c90\common\Umul8.c estimated size: 23

C:\Program Files\Microchip\xc8\v2.40\pic\sources\c90\common\sprcmul.c
		___flmul       		CODE           	0029	0000	837

C:\Program Files\Microchip\xc8\v2.40\pic\sources\c90\common\sprcmul.c estimated size: 837

C:\Program Files\Microchip\xc8\v2.40\pic\sources\c90\common\sprcdiv.c
		___fldiv       		CODE           	0E2D	0000	467

C:\Program Files\Microchip\xc8\v2.40\pic\sources\c90\common\sprcdiv.c estimated size: 467

adc.c
		_adc_start     		CODE           	17B3	0000	36
		_adc_read      		CODE           	1757	0000	11
		_adc_init      		CODE           	0A49	0000	76

adc.c estimated size: 123

C:\Program Files\Microchip\xc8\v2.40\pic\sources\c90\common\Umul8_16.c
		__Umul8_16     		CODE           	17D7	0000	41

C:\Program Files\Microchip\xc8\v2.40\pic\sources\c90\common\Umul8_16.c estimated size: 41

C:\Program Files\Microchip\xc8\v2.40\pic\sources\c90\common\doprnt.c
		_sprintf       		CODE           	0D51	0000	220

C:\Program Files\Microchip\xc8\v2.40\pic\sources\c90\common\doprnt.c estimated size: 220

oscilador.c
		_init_osc_MHz  		CODE           	09B2	0000	75

oscilador.c estimated size: 75

tmr0.c
		_spiReceiveWait		CODE           	1747	0000	7

tmr0.c estimated size: 7

C:\Program Files\Microchip\xc8\v2.40\pic\sources\c90\common\lwmod.c
		___lwmod       		CODE           	08A8	0000	60

C:\Program Files\Microchip\xc8\v2.40\pic\sources\c90\common\lwmod.c estimated size: 60

shared
		__stringtab    		STRING         	0800	0000	16
		_dpowers       		STRING         	0810	0000	10
		__initialization		CODE           	000F	0000	22
		i1_spiWrite    		CODE           	1734	0000	6

shared estimated size: 54

C:\Program Files\Microchip\xc8\v2.40\pic\sources\c90\common\sprcadd.c
		___fladd       		CODE           	036E	0000	746

C:\Program Files\Microchip\xc8\v2.40\pic\sources\c90\common\sprcadd.c estimated size: 746

../PRUEBA.X/SPI.c
		_spiWrite      		CODE           	173A	0000	6
		_spiInit       		CODE           	1795	0000	30
		_spiReceiveWait@SPI$F467		CODE           	1740	0000	7
		_spiRead       		CODE           	174E	0000	9

../PRUEBA.X/SPI.c estimated size: 52

main.c
		_map           		CODE           	0C8B	0000	198
		_main          		CODE           	0658	0000	390
		_isr           		CODE           	0A95	0000	80
		_setup         		CODE           	083F	0000	48
		_setup2        		CODE           	08E4	0000	66

main.c estimated size: 782

../PRUEBA.X/LCD.c
		_Lcd_Write_String		CODE           	0926	0000	70
		_Lcd_Init      		CODE           	0AE5	0000	94
		_Lcd_Write_Char		CODE           	086F	0000	57
		_Lcd_Cmd       		CODE           	1779	0000	28
		_Lcd_Set_Cursor		CODE           	09FD	0000	76
		_Lcd_Port      		CODE           	07DE	0000	32

../PRUEBA.X/LCD.c estimated size: 357

C:\Program Files\Microchip\xc8\v2.40\pic\sources\c90\common\lwdiv.c
		___lwdiv       		CODE           	096C	0000	70

C:\Program Files\Microchip\xc8\v2.40\pic\sources\c90\common\lwdiv.c estimated size: 70

C:\Program Files\Microchip\xc8\v2.40\pic\sources\c90\common\xxtofl.c
		___xxtofl      		CODE           	0BD1	0000	186

C:\Program Files\Microchip\xc8\v2.40\pic\sources\c90\common\xxtofl.c estimated size: 186

